let local: <a href="psi_element://Box">Box</a>&lt;number | null&gt;<br/>[ide]<br/>let local: <a href="psi_element://Box">Box</a>&lt;number | null&gt;