let local: <a href="psi_element://Box">Box</a>&lt;string | number&gt;<br/>[ide]<br/>let local: <a href="psi_element://Box">Box</a>&lt;number | string&gt;