<div class='definition'><pre>somePost: <span style="">{somePost:&#32;{innerField:&#32;</span><span style="color:#000080;">string</span><span style="">},&#32;uniqueName:&#32;{innerField:&#32;</span><span style="color:#000080;">string</span><span style="">}}</span>
<span style='color:grey;'>[ide type]</span>: <span style="color:#000080;">number&#32;</span><span style="">|&#32;{innerField:&#32;</span><span style="color:#000080;">string</span><span style="">}</span></pre></div><table class='sections'><tr><td valign='top'><icon src='JavaScriptPsiIcons.FileTypes.TypeScriptFile'/>&nbsp;src/routes/+page.server.ts</td></table>