(property) somePost: {<br/>    innerField: string;<br/>}<br/>[ide]<br/>(property) somePost: number | {innerField: string} <span style="">(+page.server.ts)</span>