<div class='definition'><pre>unrelatedData.unrelatedValue: <span style="color:#0000ff;">42&#32;</span><span style="">|&#32;</span><span style="color:#000080;">true</span></pre></div><table class='sections'><tr><td valign='top'><icon src='AllIcons.FileTypes.JavaScript'/>&nbsp;NoDummyResolve2.svelte</td></table><div class='content'><p><a href="psi_element:///private/var/folders/r0/xc0f60bj4j3bq1cjt8rf4kj80000gn/T/unitTest_noDummyResolve2_2RRIJyHXaItr5yLmIibX2atd3du/unitTest10718127077762439669/NoDummyResolve2.svelte%unrelatedValue%unrelatedData2:1">`unrelatedData2.unrelatedValue`</a></div>