<div class='definition'><pre>unrelatedData.unrelatedValue: <span style="color:#000080;">any</span>
<span style='color:grey;'>[ide type]</span>: <span style="color:#0000ff;">42</span></pre></div><table class='sections'><tr><td valign='top'><icon src='AllIcons.FileTypes.JavaScript'/>&nbsp;NoDummyResolve.svelte</td></table>