any<br/>[ide]<br/>(property) unrelatedData.unrelatedValue: 42