let local: number | null<br/>[ide]<br/>let local: number