(property) uniqueName: {<br/>    name: string;<br/>}<br/>[ide]<br/>(property) localData.uniqueName: {name: string}