(method) Umber.toHex(_digits?: number): string<br/>[ide]<br/>(function) <span style="color:#7a7a43;">Umber.toHex</span><span style="">(_digits?:&#32;</span><span style="color:#000080;">number</span><span style="">):&#32;</span><span style="color:#000080;">string</span>