(method) <a href="https://developer.mozilla.org/en-us/docs/Web/JavaScript/Reference/Global_Objects/Number">Number</a>.toFixed(fractionDigits?: number | undefined): string<br/>[ide]<br/>(function) <span style="color:#7a7a43;"><a href="https://developer.mozilla.org/en-us/docs/Web/JavaScript/Reference/Global_Objects/Number">Number</a>.toFixed</span><span style="">(fractionDigits?:&#32;</span><span style="color:#000080;">number</span><span style="">):&#32;</span><span style="color:#000080;">string</span> <span style="">(lib.es5.d.ts)</span>