let local: number<br/>[ide]<br/>let local: number | string